  1        1   (0)      1 :  0.0022 0.9978 
  2        2   (0)      1 :  0.7590 0.2410 
  3        3   (0)      1 :  0.6004 0.3996 
  4        4   (0)      1 :  0.9942 0.0058 
  5        5   (0)      1 :  0.9946 0.0054 
  6        6   (0)      1 :  0.8974 0.1026 
  7        7   (0)      1 :  0.9484 0.0516 
  8        8   (0)      1 :  0.9773 0.0227 
  9        9   (0)      1 :  0.4843 0.5157 
 10       10   (0)      1 :  0.8280 0.1720 
 11       11   (0)      1 :  0.0022 0.9978 
 12       12   (0)      1 :  0.0022 0.9978 
 13       13   (0)      1 :  0.0022 0.9978 
 14       14   (0)      1 :  0.0022 0.9978 
 15       15   (0)      1 :  0.0022 0.9978 
 16       16   (0)      1 :  0.0022 0.9978 
 17       17   (0)      1 :  0.0022 0.9978 
 18       18   (0)      1 :  0.0022 0.9978 
 19       19   (0)      1 :  0.0022 0.9978 
 20       20   (0)      1 :  0.0022 0.9978 
 21       21   (0)      1 :  0.0022 0.9978 
 22       22   (0)      1 :  0.0022 0.9978 
 23       23   (0)      1 :  0.0022 0.9978 
 24       24   (0)      1 :  0.0023 0.9977 
 25       25   (0)      1 :  0.0022 0.9978 
 26       26   (0)      1 :  0.0022 0.9978 
 27       27   (0)      1 :  0.0022 0.9978 
 28       28   (0)      1 :  0.0022 0.9978 
 29       29   (0)      1 :  0.0037 0.9963 
 30       30   (0)      1 :  0.0098 0.9902 
 31       31   (0)      1 :  0.0309 0.9691 
 32       32   (0)      1 :  0.0030 0.9970 
 33       33   (0)      1 :  0.0030 0.9970 
 34       34   (0)      1 :  0.0022 0.9978 
 35       35   (0)      1 :  0.7589 0.2411 
 36       36   (0)      1 :  0.9946 0.0054 
 37       37   (0)      1 :  0.9810 0.0190 
 38       38   (0)      1 :  0.0022 0.9978 
 39       39   (0)      1 :  0.0022 0.9978 
 40       40   (0)      1 :  0.7876 0.2124 
 41       41   (0)      1 :  0.0022 0.9978 
 42       42   (0)      1 :  0.0022 0.9978 
 43       43   (0)      1 :  0.0022 0.9978 
 44       44   (0)      1 :  0.0022 0.9978 
 45       45   (0)      1 :  0.0022 0.9978 
 46       46   (0)      1 :  0.0022 0.9978 
 47       47   (0)      1 :  0.0022 0.9978 
 48       48   (0)      1 :  0.0022 0.9978 
 49       49   (0)      1 :  0.0022 0.9978 
 50       50   (0)      1 :  0.0022 0.9978 
 51       51   (0)      1 :  0.0022 0.9978 
 52       52   (0)      1 :  0.6004 0.3996 
 53       53   (0)      1 :  0.6004 0.3996 
 54       54   (0)      1 :  0.9942 0.0058 
 55       55   (0)      1 :  0.9808 0.0192 
 56       56   (0)      1 :  0.9953 0.0047 
 57       57   (0)      1 :  0.8954 0.1046 
 58       58   (0)      1 :  0.9915 0.0085 
 59       59   (0)      1 :  0.0022 0.9978 
 60       60   (0)      1 :  0.0022 0.9978 
 61       61   (0)      1 :  0.5444 0.4556 
 62       62   (0)      1 :  0.6004 0.3996 
 63       63   (0)      1 :  0.6004 0.3996 
 64       64   (0)      1 :  0.6004 0.3996 
 65       65   (0)      1 :  0.6004 0.3996 
 66       66   (0)      1 :  0.6004 0.3996 
 67       67   (0)      1 :  0.6004 0.3996 
 68       68   (0)      1 :  0.6003 0.3997 
 69       69   (0)      1 :  0.6004 0.3996 
 70       70   (0)      1 :  0.6003 0.3997 
 71       71   (0)      1 :  0.6004 0.3996 
 72       72   (0)      1 :  0.6004 0.3996 
 73       73   (0)      1 :  0.6004 0.3996 
 74       74   (0)      1 :  0.8974 0.1026 
 75       75   (0)      1 :  0.6004 0.3996 
 76       76   (0)      1 :  0.5445 0.4555 
 77       77   (0)      1 :  0.9757 0.0243 
 78       78   (0)      1 :  0.7460 0.2540 
 79       79   (0)      1 :  0.7959 0.2041 
 80       80   (0)      1 :  0.9477 0.0523 
 81       81   (0)      1 :  0.9613 0.0387 
 82       82   (0)      1 :  0.8934 0.1066 
 83       83   (0)      1 :  0.8531 0.1469 
 84       84   (0)      1 :  0.7629 0.2371 
 85       85   (0)      1 :  0.8974 0.1026 
 86       86   (0)      1 :  0.8974 0.1026 
 87       87   (0)      1 :  0.8974 0.1026 
 88       88   (0)      1 :  0.8974 0.1026 
 89       89   (0)      1 :  0.8974 0.1026 
 90       90   (0)      1 :  0.8974 0.1026 
 91       91   (0)      1 :  0.8974 0.1026 
 92       92   (0)      1 :  0.8974 0.1026 
 93       93   (0)      1 :  0.8974 0.1026 
 94       94   (0)      1 :  0.8974 0.1026 
 95       95   (0)      1 :  0.8974 0.1026 
 96       96   (0)      1 :  0.8974 0.1026 
 97       97   (0)      1 :  0.8974 0.1026 
 98       98   (0)      1 :  0.8974 0.1026 
 99       99   (0)      1 :  0.8974 0.1026 
100      100   (0)      1 :  0.8974 0.1026 
101      101   (0)      1 :  0.9952 0.0048 
102      102   (0)      1 :  0.7328 0.2672 
103      103   (0)      1 :  0.9770 0.0230 
104      104   (0)      1 :  0.9826 0.0174 
105      105   (0)      1 :  0.8867 0.1133 
106      106   (0)      1 :  0.6433 0.3567 
107      107   (0)      1 :  0.8378 0.1622 
108      108   (0)      1 :  0.9236 0.0764 
109      109   (0)      1 :  0.9116 0.0884 
110      110   (0)      1 :  0.7957 0.2043 
111      111   (0)      1 :  0.9462 0.0538 
112      112   (0)      1 :  0.8048 0.1952 
113      113   (0)      1 :  0.9953 0.0047 
114      114   (0)      1 :  0.9953 0.0047 
115      115   (0)      1 :  0.9953 0.0047 
116      116   (0)      1 :  0.9953 0.0047 
117      117   (0)      1 :  0.9953 0.0047 
118      118   (0)      1 :  0.9953 0.0047 
119      119   (0)      1 :  0.9953 0.0047 
120      120   (0)      1 :  0.9953 0.0047 
121      121   (0)      1 :  0.9953 0.0047 
122      122   (0)      1 :  0.9953 0.0047 
123      123   (0)      1 :  0.9953 0.0047 
124      124   (0)      1 :  0.9953 0.0047 
125      125   (0)      1 :  0.9953 0.0047 
126      126   (0)      1 :  0.9953 0.0047 
127      127   (0)      1 :  0.4845 0.5155 
128      128   (0)      1 :  0.7527 0.2473 
129      129   (0)      1 :  0.9938 0.0062 
130      130   (0)      1 :  0.9576 0.0424 
131      131   (0)      1 :  0.8949 0.1051 
132      132   (0)      1 :  0.9490 0.0510 
133      133   (0)      1 :  0.8005 0.1995 
134      134   (0)      1 :  0.8448 0.1552 
135      135   (0)      1 :  0.4842 0.5158 
136      136   (0)      1 :  0.4843 0.5157 
137      137   (0)      1 :  0.4843 0.5157 
138      138   (0)      1 :  0.4847 0.5153 
139      139   (0)      1 :  0.4846 0.5154 
140      140   (0)      1 :  0.4842 0.5158 
141      141   (0)      1 :  0.4845 0.5155 
142      142   (0)      1 :  0.4843 0.5157 
143      143   (0)      1 :  0.4842 0.5158 
144      144   (0)      1 :  0.4846 0.5154 
