  1        1   (0)      1 :  0.0015 0.0016 0.9969 
  2        2   (0)      1 :  0.2149 0.7379 0.0472 
  3        3   (0)      1 :  0.6983 0.2009 0.1008 
  4        4   (0)      1 :  0.2422 0.7560 0.0018 
  5        5   (0)      1 :  0.1797 0.8179 0.0024 
  6        6   (0)      1 :  0.3998 0.3991 0.2011 
  7        7   (0)      1 :  0.1782 0.7552 0.0666 
  8        8   (0)      1 :  0.1838 0.8116 0.0046 
  9        9   (0)      1 :  0.1987 0.4979 0.3034 
 10       10   (0)      1 :  0.1566 0.7968 0.0466 
 11       11   (0)      1 :  0.0015 0.0017 0.9968 
 12       12   (0)      1 :  0.0015 0.0016 0.9969 
 13       13   (0)      1 :  0.0015 0.0016 0.9969 
 14       14   (0)      1 :  0.0015 0.0016 0.9969 
 15       15   (0)      1 :  0.0015 0.0016 0.9969 
 16       16   (0)      1 :  0.0015 0.0016 0.9969 
 17       17   (0)      1 :  0.0015 0.0016 0.9969 
 18       18   (0)      1 :  0.0015 0.0016 0.9969 
 19       19   (0)      1 :  0.0015 0.0016 0.9969 
 20       20   (0)      1 :  0.0015 0.0016 0.9969 
 21       21   (0)      1 :  0.0015 0.0016 0.9969 
 22       22   (0)      1 :  0.0015 0.0017 0.9968 
 23       23   (0)      1 :  0.0015 0.0016 0.9969 
 24       24   (0)      1 :  0.0015 0.0016 0.9969 
 25       25   (0)      1 :  0.0015 0.0017 0.9968 
 26       26   (0)      1 :  0.0015 0.0016 0.9969 
 27       27   (0)      1 :  0.0015 0.0016 0.9969 
 28       28   (0)      1 :  0.0015 0.0017 0.9968 
 29       29   (0)      1 :  0.0099 0.0048 0.9853 
 30       30   (0)      1 :  0.0208 0.0272 0.9520 
 31       31   (0)      1 :  0.0265 0.0550 0.9185 
 32       32   (0)      1 :  0.0038 0.0027 0.9935 
 33       33   (0)      1 :  0.0038 0.0029 0.9933 
 34       34   (0)      1 :  0.0015 0.0016 0.9969 
 35       35   (0)      1 :  0.2151 0.7381 0.0468 
 36       36   (0)      1 :  0.1795 0.8181 0.0024 
 37       37   (0)      1 :  0.1903 0.7762 0.0335 
 38       38   (0)      1 :  0.0015 0.0016 0.9969 
 39       39   (0)      1 :  0.0015 0.0016 0.9969 
 40       40   (0)      1 :  0.3426 0.6305 0.0269 
 41       41   (0)      1 :  0.0015 0.0016 0.9969 
 42       42   (0)      1 :  0.0015 0.0016 0.9969 
 43       43   (0)      1 :  0.0015 0.0016 0.9969 
 44       44   (0)      1 :  0.0015 0.0017 0.9968 
 45       45   (0)      1 :  0.0015 0.0016 0.9969 
 46       46   (0)      1 :  0.0015 0.0016 0.9969 
 47       47   (0)      1 :  0.0015 0.0016 0.9969 
 48       48   (0)      1 :  0.0015 0.0017 0.9968 
 49       49   (0)      1 :  0.0015 0.0016 0.9969 
 50       50   (0)      1 :  0.0015 0.0017 0.9968 
 51       51   (0)      1 :  0.0015 0.0016 0.9969 
 52       52   (0)      1 :  0.6983 0.2009 0.1008 
 53       53   (0)      1 :  0.6982 0.2010 0.1008 
 54       54   (0)      1 :  0.2419 0.7563 0.0018 
 55       55   (0)      1 :  0.1904 0.7757 0.0339 
 56       56   (0)      1 :  0.8949 0.1023 0.0028 
 57       57   (0)      1 :  0.3143 0.6653 0.0204 
 58       58   (0)      1 :  0.4494 0.5485 0.0021 
 59       59   (0)      1 :  0.0015 0.0017 0.9968 
 60       60   (0)      1 :  0.0015 0.0016 0.9969 
 61       61   (0)      1 :  0.0474 0.5280 0.4246 
 62       62   (0)      1 :  0.6982 0.2010 0.1008 
 63       63   (0)      1 :  0.6983 0.2009 0.1008 
 64       64   (0)      1 :  0.6982 0.2010 0.1008 
 65       65   (0)      1 :  0.6982 0.2010 0.1008 
 66       66   (0)      1 :  0.6984 0.2008 0.1008 
 67       67   (0)      1 :  0.6983 0.2009 0.1008 
 68       68   (0)      1 :  0.6983 0.2009 0.1008 
 69       69   (0)      1 :  0.6983 0.2009 0.1008 
 70       70   (0)      1 :  0.6983 0.2009 0.1008 
 71       71   (0)      1 :  0.6983 0.2009 0.1008 
 72       72   (0)      1 :  0.6983 0.2009 0.1008 
 73       73   (0)      1 :  0.6982 0.2010 0.1008 
 74       74   (0)      1 :  0.3998 0.3990 0.2012 
 75       75   (0)      1 :  0.6982 0.2010 0.1008 
 76       76   (0)      1 :  0.0474 0.5282 0.4244 
 77       77   (0)      1 :  0.2574 0.7330 0.0096 
 78       78   (0)      1 :  0.3650 0.4317 0.2033 
 79       79   (0)      1 :  0.1725 0.7672 0.0603 
 80       80   (0)      1 :  0.1985 0.7955 0.0061 
 81       81   (0)      1 :  0.1690 0.8154 0.0156 
 82       82   (0)      1 :  0.0878 0.8501 0.0621 
 83       83   (0)      1 :  0.1937 0.7796 0.0267 
 84       84   (0)      1 :  0.1888 0.7265 0.0847 
 85       85   (0)      1 :  0.3999 0.3989 0.2012 
 86       86   (0)      1 :  0.3998 0.3991 0.2011 
 87       87   (0)      1 :  0.3998 0.3989 0.2013 
 88       88   (0)      1 :  0.3999 0.3990 0.2011 
 89       89   (0)      1 :  0.3998 0.3991 0.2011 
 90       90   (0)      1 :  0.3998 0.3991 0.2011 
 91       91   (0)      1 :  0.3999 0.3990 0.2011 
 92       92   (0)      1 :  0.3998 0.3990 0.2012 
 93       93   (0)      1 :  0.3999 0.3991 0.2010 
 94       94   (0)      1 :  0.3996 0.3991 0.2013 
 95       95   (0)      1 :  0.3996 0.3992 0.2012 
 96       96   (0)      1 :  0.3998 0.3991 0.2011 
 97       97   (0)      1 :  0.3998 0.3990 0.2012 
 98       98   (0)      1 :  0.3998 0.3991 0.2011 
 99       99   (0)      1 :  0.3998 0.3990 0.2012 
100      100   (0)      1 :  0.3997 0.3992 0.2011 
101      101   (0)      1 :  0.8948 0.1024 0.0028 
102      102   (0)      1 :  0.1243 0.7365 0.1392 
103      103   (0)      1 :  0.1839 0.8115 0.0046 
104      104   (0)      1 :  0.1683 0.8293 0.0024 
105      105   (0)      1 :  0.2533 0.6889 0.0577 
106      106   (0)      1 :  0.1885 0.5067 0.3048 
107      107   (0)      1 :  0.1946 0.7723 0.0330 
108      108   (0)      1 :  0.2909 0.7011 0.0080 
109      109   (0)      1 :  0.1361 0.7898 0.0741 
110      110   (0)      1 :  0.0917 0.6809 0.2274 
111      111   (0)      1 :  0.2426 0.7386 0.0188 
112      112   (0)      1 :  0.3508 0.6030 0.0462 
113      113   (0)      1 :  0.8948 0.1023 0.0029 
114      114   (0)      1 :  0.8946 0.1024 0.0030 
115      115   (0)      1 :  0.8946 0.1024 0.0030 
116      116   (0)      1 :  0.8948 0.1023 0.0029 
117      117   (0)      1 :  0.8949 0.1023 0.0028 
118      118   (0)      1 :  0.8948 0.1024 0.0028 
119      119   (0)      1 :  0.8945 0.1024 0.0031 
120      120   (0)      1 :  0.8948 0.1023 0.0029 
121      121   (0)      1 :  0.8949 0.1023 0.0028 
122      122   (0)      1 :  0.8948 0.1023 0.0029 
123      123   (0)      1 :  0.8947 0.1023 0.0030 
124      124   (0)      1 :  0.8948 0.1023 0.0029 
125      125   (0)      1 :  0.8948 0.1023 0.0029 
126      126   (0)      1 :  0.8948 0.1023 0.0029 
127      127   (0)      1 :  0.1987 0.4980 0.3033 
128      128   (0)      1 :  0.2802 0.6562 0.0636 
129      129   (0)      1 :  0.2311 0.7672 0.0017 
130      130   (0)      1 :  0.3500 0.6070 0.0430 
131      131   (0)      1 :  0.2382 0.6082 0.1535 
132      132   (0)      1 :  0.1386 0.8372 0.0242 
133      133   (0)      1 :  0.3842 0.5383 0.0775 
134      134   (0)      1 :  0.1713 0.7891 0.0396 
135      135   (0)      1 :  0.1988 0.4981 0.3031 
136      136   (0)      1 :  0.1988 0.4979 0.3033 
137      137   (0)      1 :  0.1989 0.4980 0.3031 
138      138   (0)      1 :  0.1988 0.4981 0.3031 
139      139   (0)      1 :  0.1989 0.4981 0.3030 
140      140   (0)      1 :  0.1988 0.4979 0.3033 
141      141   (0)      1 :  0.1987 0.4981 0.3032 
142      142   (0)      1 :  0.1988 0.4981 0.3031 
143      143   (0)      1 :  0.1988 0.4981 0.3031 
144      144   (0)      1 :  0.1986 0.4983 0.3031 
