  1        1   (0)      1 :  0.0010 0.9969 0.0010 0.0011 
  2        2   (0)      1 :  0.0017 0.0167 0.1545 0.8271 
  3        3   (0)      1 :  0.0010 0.0010 0.9969 0.0011 
  4        4   (0)      1 :  0.0091 0.0010 0.0220 0.9679 
  5        5   (0)      1 :  0.0763 0.0013 0.0016 0.9208 
  6        6   (0)      1 :  0.6980 0.1010 0.1005 0.1005 
  7        7   (0)      1 :  0.2294 0.0047 0.0076 0.7583 
  8        8   (0)      1 :  0.0412 0.0013 0.0066 0.9509 
  9        9   (0)      1 :  0.2996 0.1026 0.1012 0.4966 
 10       10   (0)      1 :  0.0069 0.0191 0.0055 0.9685 
 11       11   (0)      1 :  0.0010 0.9970 0.0010 0.0010 
 12       12   (0)      1 :  0.0010 0.9969 0.0010 0.0011 
 13       13   (0)      1 :  0.0010 0.9970 0.0010 0.0010 
 14       14   (0)      1 :  0.0010 0.9969 0.0010 0.0011 
 15       15   (0)      1 :  0.0010 0.9970 0.0010 0.0010 
 16       16   (0)      1 :  0.0010 0.9970 0.0010 0.0010 
 17       17   (0)      1 :  0.0010 0.9970 0.0010 0.0010 
 18       18   (0)      1 :  0.0010 0.9970 0.0010 0.0010 
 19       19   (0)      1 :  0.0010 0.9970 0.0010 0.0010 
 20       20   (0)      1 :  0.0010 0.9969 0.0010 0.0011 
 21       21   (0)      1 :  0.0010 0.9970 0.0010 0.0010 
 22       22   (0)      1 :  0.0010 0.9970 0.0010 0.0010 
 23       23   (0)      1 :  0.0010 0.9970 0.0010 0.0010 
 24       24   (0)      1 :  0.0010 0.9969 0.0010 0.0011 
 25       25   (0)      1 :  0.0010 0.9970 0.0010 0.0010 
 26       26   (0)      1 :  0.0010 0.9969 0.0010 0.0011 
 27       27   (0)      1 :  0.0010 0.9970 0.0010 0.0010 
 28       28   (0)      1 :  0.0010 0.9970 0.0010 0.0010 
 29       29   (0)      1 :  0.0075 0.9767 0.0108 0.0050 
 30       30   (0)      1 :  0.0357 0.9232 0.0121 0.0290 
 31       31   (0)      1 :  0.0478 0.8832 0.0133 0.0557 
 32       32   (0)      1 :  0.0010 0.9921 0.0049 0.0020 
 33       33   (0)      1 :  0.0010 0.9920 0.0049 0.0021 
 34       34   (0)      1 :  0.0010 0.9969 0.0010 0.0011 
 35       35   (0)      1 :  0.0017 0.0165 0.1541 0.8277 
 36       36   (0)      1 :  0.0762 0.0012 0.0017 0.9209 
 37       37   (0)      1 :  0.0227 0.0072 0.0055 0.9646 
 38       38   (0)      1 :  0.0011 0.9968 0.0010 0.0011 
 39       39   (0)      1 :  0.0010 0.9970 0.0010 0.0010 
 40       40   (0)      1 :  0.0058 0.0076 0.3222 0.6644 
 41       41   (0)      1 :  0.0010 0.9970 0.0010 0.0010 
 42       42   (0)      1 :  0.0010 0.9969 0.0010 0.0011 
 43       43   (0)      1 :  0.0010 0.9970 0.0010 0.0010 
 44       44   (0)      1 :  0.0010 0.9970 0.0010 0.0010 
 45       45   (0)      1 :  0.0010 0.9970 0.0010 0.0010 
 46       46   (0)      1 :  0.0010 0.9970 0.0010 0.0010 
 47       47   (0)      1 :  0.0010 0.9970 0.0010 0.0010 
 48       48   (0)      1 :  0.0010 0.9970 0.0010 0.0010 
 49       49   (0)      1 :  0.0010 0.9970 0.0010 0.0010 
 50       50   (0)      1 :  0.0010 0.9969 0.0010 0.0011 
 51       51   (0)      1 :  0.0011 0.9969 0.0010 0.0010 
 52       52   (0)      1 :  0.0010 0.0010 0.9969 0.0011 
 53       53   (0)      1 :  0.0010 0.0010 0.9967 0.0013 
 54       54   (0)      1 :  0.0094 0.0010 0.0221 0.9675 
 55       55   (0)      1 :  0.0228 0.0073 0.0055 0.9644 
 56       56   (0)      1 :  0.5983 0.0017 0.2006 0.1994 
 57       57   (0)      1 :  0.0341 0.0150 0.0951 0.8558 
 58       58   (0)      1 :  0.2406 0.0011 0.0742 0.6841 
 59       59   (0)      1 :  0.0010 0.9970 0.0010 0.0010 
 60       60   (0)      1 :  0.0010 0.9970 0.0010 0.0010 
 61       61   (0)      1 :  0.0129 0.3921 0.0025 0.5925 
 62       62   (0)      1 :  0.0010 0.0010 0.9967 0.0013 
 63       63   (0)      1 :  0.0010 0.0010 0.9968 0.0012 
 64       64   (0)      1 :  0.0010 0.0010 0.9969 0.0011 
 65       65   (0)      1 :  0.0010 0.0010 0.9967 0.0013 
 66       66   (0)      1 :  0.0010 0.0010 0.9968 0.0012 
 67       67   (0)      1 :  0.0010 0.0010 0.9968 0.0012 
 68       68   (0)      1 :  0.0010 0.0010 0.9967 0.0013 
 69       69   (0)      1 :  0.0010 0.0010 0.9968 0.0012 
 70       70   (0)      1 :  0.0010 0.0010 0.9968 0.0012 
 71       71   (0)      1 :  0.0010 0.0010 0.9967 0.0013 
 72       72   (0)      1 :  0.0010 0.0010 0.9968 0.0012 
 73       73   (0)      1 :  0.0010 0.0010 0.9967 0.0013 
 74       74   (0)      1 :  0.6978 0.1012 0.1005 0.1005 
 75       75   (0)      1 :  0.0010 0.0010 0.9968 0.0012 
 76       76   (0)      1 :  0.0131 0.3920 0.0025 0.5924 
 77       77   (0)      1 :  0.0427 0.0036 0.0816 0.8721 
 78       78   (0)      1 :  0.0583 0.1427 0.1487 0.6503 
 79       79   (0)      1 :  0.0428 0.0117 0.0104 0.9351 
 80       80   (0)      1 :  0.0604 0.0019 0.0752 0.8625 
 81       81   (0)      1 :  0.0891 0.0050 0.0126 0.8933 
 82       82   (0)      1 :  0.0364 0.0210 0.0019 0.9407 
 83       83   (0)      1 :  0.0700 0.0057 0.0855 0.8388 
 84       84   (0)      1 :  0.0723 0.0233 0.0689 0.8355 
 85       85   (0)      1 :  0.6979 0.1011 0.1005 0.1005 
 86       86   (0)      1 :  0.6977 0.1012 0.1005 0.1006 
 87       87   (0)      1 :  0.6978 0.1012 0.1004 0.1006 
 88       88   (0)      1 :  0.6976 0.1012 0.1005 0.1007 
 89       89   (0)      1 :  0.6978 0.1012 0.1005 0.1005 
 90       90   (0)      1 :  0.6978 0.1012 0.1004 0.1006 
 91       91   (0)      1 :  0.6978 0.1012 0.1005 0.1005 
 92       92   (0)      1 :  0.6978 0.1012 0.1005 0.1005 
 93       93   (0)      1 :  0.6976 0.1012 0.1005 0.1007 
 94       94   (0)      1 :  0.6979 0.1011 0.1005 0.1005 
 95       95   (0)      1 :  0.6978 0.1012 0.1005 0.1005 
 96       96   (0)      1 :  0.6978 0.1012 0.1005 0.1005 
 97       97   (0)      1 :  0.6979 0.1011 0.1004 0.1006 
 98       98   (0)      1 :  0.6978 0.1012 0.1005 0.1005 
 99       99   (0)      1 :  0.6978 0.1012 0.1005 0.1005 
100      100   (0)      1 :  0.6978 0.1012 0.1005 0.1005 
101      101   (0)      1 :  0.5983 0.0017 0.2006 0.1994 
102      102   (0)      1 :  0.0071 0.0618 0.0091 0.9220 
103      103   (0)      1 :  0.0409 0.0013 0.0066 0.9512 
104      104   (0)      1 :  0.0024 0.0010 0.0393 0.9573 
105      105   (0)      1 :  0.1380 0.0135 0.0276 0.8209 
106      106   (0)      1 :  0.0809 0.2538 0.0125 0.6528 
107      107   (0)      1 :  0.0305 0.0070 0.0401 0.9224 
108      108   (0)      1 :  0.0786 0.0023 0.2622 0.6569 
109      109   (0)      1 :  0.0054 0.0204 0.0021 0.9721 
110      110   (0)      1 :  0.0102 0.1899 0.0013 0.7986 
111      111   (0)      1 :  0.2571 0.0019 0.0714 0.6696 
112      112   (0)      1 :  0.1393 0.0023 0.3251 0.5333 
113      113   (0)      1 :  0.5982 0.0016 0.2006 0.1996 
114      114   (0)      1 :  0.5983 0.0016 0.2005 0.1996 
115      115   (0)      1 :  0.5983 0.0017 0.2005 0.1995 
116      116   (0)      1 :  0.5983 0.0016 0.2005 0.1996 
117      117   (0)      1 :  0.5983 0.0016 0.2005 0.1996 
118      118   (0)      1 :  0.5983 0.0015 0.2005 0.1997 
119      119   (0)      1 :  0.5984 0.0016 0.2007 0.1993 
120      120   (0)      1 :  0.5984 0.0016 0.2005 0.1995 
121      121   (0)      1 :  0.5984 0.0015 0.2006 0.1995 
122      122   (0)      1 :  0.5982 0.0017 0.2005 0.1996 
123      123   (0)      1 :  0.5984 0.0015 0.2005 0.1996 
124      124   (0)      1 :  0.5984 0.0017 0.2005 0.1994 
125      125   (0)      1 :  0.5983 0.0016 0.2005 0.1996 
126      126   (0)      1 :  0.5983 0.0015 0.2005 0.1997 
127      127   (0)      1 :  0.2997 0.1026 0.1011 0.4966 
128      128   (0)      1 :  0.0084 0.0260 0.1815 0.7841 
129      129   (0)      1 :  0.0250 0.0010 0.0332 0.9408 
130      130   (0)      1 :  0.3878 0.0057 0.0686 0.5379 
131      131   (0)      1 :  0.2208 0.0940 0.0041 0.6811 
132      132   (0)      1 :  0.0244 0.0052 0.0019 0.9685 
133      133   (0)      1 :  0.1636 0.0243 0.1787 0.6334 
134      134   (0)      1 :  0.0388 0.0104 0.0146 0.9362 
135      135   (0)      1 :  0.2997 0.1024 0.1012 0.4967 
136      136   (0)      1 :  0.2997 0.1025 0.1011 0.4967 
137      137   (0)      1 :  0.2997 0.1026 0.1012 0.4965 
138      138   (0)      1 :  0.2997 0.1025 0.1011 0.4967 
139      139   (0)      1 :  0.2997 0.1026 0.1011 0.4966 
140      140   (0)      1 :  0.2997 0.1025 0.1011 0.4967 
141      141   (0)      1 :  0.2998 0.1025 0.1011 0.4966 
142      142   (0)      1 :  0.2996 0.1025 0.1012 0.4967 
143      143   (0)      1 :  0.2996 0.1026 0.1012 0.4966 
144      144   (0)      1 :  0.2997 0.1025 0.1011 0.4967 
