  1        1   (0)      1 :  0.0010 0.9960 0.0010 0.0010 0.0010 
  2        2   (0)      1 :  0.0013 0.0075 0.0013 0.1543 0.8356 
  3        3   (0)      1 :  0.0010 0.0010 0.0010 0.9960 0.0010 
  4        4   (0)      1 :  0.0012 0.0010 0.0062 0.0105 0.9811 
  5        5   (0)      1 :  0.0556 0.0010 0.0118 0.0012 0.9304 
  6        6   (0)      1 :  0.9958 0.0012 0.0010 0.0010 0.0010 
  7        7   (0)      1 :  0.3344 0.0017 0.0010 0.0010 0.6619 
  8        8   (0)      1 :  0.0013 0.0011 0.0491 0.0031 0.9454 
  9        9   (0)      1 :  0.0010 0.0017 0.6979 0.0013 0.2981 
 10       10   (0)      1 :  0.0010 0.0091 0.0032 0.0021 0.9846 
 11       11   (0)      1 :  0.0010 0.9960 0.0010 0.0010 0.0010 
 12       12   (0)      1 :  0.0010 0.9960 0.0010 0.0010 0.0010 
 13       13   (0)      1 :  0.0010 0.9960 0.0010 0.0010 0.0010 
 14       14   (0)      1 :  0.0010 0.9960 0.0010 0.0010 0.0010 
 15       15   (0)      1 :  0.0010 0.9960 0.0010 0.0010 0.0010 
 16       16   (0)      1 :  0.0010 0.9960 0.0010 0.0010 0.0010 
 17       17   (0)      1 :  0.0010 0.9960 0.0010 0.0010 0.0010 
 18       18   (0)      1 :  0.0010 0.9960 0.0010 0.0010 0.0010 
 19       19   (0)      1 :  0.0010 0.9960 0.0010 0.0010 0.0010 
 20       20   (0)      1 :  0.0010 0.9960 0.0010 0.0010 0.0010 
 21       21   (0)      1 :  0.0010 0.9960 0.0010 0.0010 0.0010 
 22       22   (0)      1 :  0.0010 0.9960 0.0010 0.0010 0.0010 
 23       23   (0)      1 :  0.0010 0.9960 0.0010 0.0010 0.0010 
 24       24   (0)      1 :  0.0010 0.9960 0.0010 0.0010 0.0010 
 25       25   (0)      1 :  0.0010 0.9959 0.0010 0.0010 0.0011 
 26       26   (0)      1 :  0.0010 0.9960 0.0010 0.0010 0.0010 
 27       27   (0)      1 :  0.0010 0.9960 0.0010 0.0010 0.0010 
 28       28   (0)      1 :  0.0010 0.9960 0.0010 0.0010 0.0010 
 29       29   (0)      1 :  0.0019 0.9678 0.0151 0.0108 0.0044 
 30       30   (0)      1 :  0.0010 0.8930 0.0830 0.0019 0.0211 
 31       31   (0)      1 :  0.0010 0.8499 0.1108 0.0010 0.0373 
 32       32   (0)      1 :  0.0010 0.9915 0.0010 0.0044 0.0021 
 33       33   (0)      1 :  0.0010 0.9911 0.0010 0.0045 0.0024 
 34       34   (0)      1 :  0.0010 0.9960 0.0010 0.0010 0.0010 
 35       35   (0)      1 :  0.0013 0.0076 0.0013 0.1539 0.8359 
 36       36   (0)      1 :  0.0557 0.0010 0.0114 0.0012 0.9307 
 37       37   (0)      1 :  0.0018 0.0064 0.0179 0.0035 0.9704 
 38       38   (0)      1 :  0.0010 0.9960 0.0010 0.0010 0.0010 
 39       39   (0)      1 :  0.0010 0.9960 0.0010 0.0010 0.0010 
 40       40   (0)      1 :  0.0021 0.0043 0.0089 0.3176 0.6671 
 41       41   (0)      1 :  0.0010 0.9960 0.0010 0.0010 0.0010 
 42       42   (0)      1 :  0.0010 0.9960 0.0010 0.0010 0.0010 
 43       43   (0)      1 :  0.0010 0.9960 0.0010 0.0010 0.0010 
 44       44   (0)      1 :  0.0010 0.9960 0.0010 0.0010 0.0010 
 45       45   (0)      1 :  0.0010 0.9960 0.0010 0.0010 0.0010 
 46       46   (0)      1 :  0.0010 0.9960 0.0010 0.0010 0.0010 
 47       47   (0)      1 :  0.0010 0.9959 0.0010 0.0010 0.0011 
 48       48   (0)      1 :  0.0010 0.9960 0.0010 0.0010 0.0010 
 49       49   (0)      1 :  0.0010 0.9960 0.0010 0.0010 0.0010 
 50       50   (0)      1 :  0.0010 0.9960 0.0010 0.0010 0.0010 
 51       51   (0)      1 :  0.0010 0.9960 0.0010 0.0010 0.0010 
 52       52   (0)      1 :  0.0010 0.0010 0.0010 0.9960 0.0010 
 53       53   (0)      1 :  0.0010 0.0010 0.0010 0.9960 0.0010 
 54       54   (0)      1 :  0.0011 0.0010 0.0063 0.0102 0.9814 
 55       55   (0)      1 :  0.0017 0.0064 0.0180 0.0033 0.9706 
 56       56   (0)      1 :  0.2994 0.0012 0.3992 0.2000 0.1002 
 57       57   (0)      1 :  0.0081 0.0122 0.0479 0.0370 0.8948 
 58       58   (0)      1 :  0.1286 0.0010 0.1385 0.0536 0.6783 
 59       59   (0)      1 :  0.0010 0.9960 0.0010 0.0010 0.0010 
 60       60   (0)      1 :  0.0010 0.9960 0.0010 0.0010 0.0010 
 61       61   (0)      1 :  0.0067 0.3917 0.0016 0.0018 0.5982 
 62       62   (0)      1 :  0.0010 0.0010 0.0010 0.9960 0.0010 
 63       63   (0)      1 :  0.0010 0.0010 0.0010 0.9960 0.0010 
 64       64   (0)      1 :  0.0010 0.0010 0.0010 0.9960 0.0010 
 65       65   (0)      1 :  0.0010 0.0010 0.0010 0.9960 0.0010 
 66       66   (0)      1 :  0.0010 0.0010 0.0010 0.9960 0.0010 
 67       67   (0)      1 :  0.0010 0.0010 0.0010 0.9960 0.0010 
 68       68   (0)      1 :  0.0010 0.0010 0.0010 0.9960 0.0010 
 69       69   (0)      1 :  0.0010 0.0010 0.0010 0.9960 0.0010 
 70       70   (0)      1 :  0.0010 0.0010 0.0010 0.9960 0.0010 
 71       71   (0)      1 :  0.0010 0.0010 0.0010 0.9960 0.0010 
 72       72   (0)      1 :  0.0010 0.0010 0.0010 0.9960 0.0010 
 73       73   (0)      1 :  0.0010 0.0010 0.0010 0.9959 0.0011 
 74       74   (0)      1 :  0.9958 0.0010 0.0011 0.0010 0.0011 
 75       75   (0)      1 :  0.0010 0.0010 0.0010 0.9960 0.0010 
 76       76   (0)      1 :  0.0070 0.3917 0.0016 0.0018 0.5979 
 77       77   (0)      1 :  0.0222 0.0031 0.0095 0.0602 0.9050 
 78       78   (0)      1 :  0.0086 0.1455 0.0816 0.1198 0.6444 
 79       79   (0)      1 :  0.0553 0.0064 0.0029 0.0046 0.9308 
 80       80   (0)      1 :  0.0688 0.0014 0.0024 0.0541 0.8733 
 81       81   (0)      1 :  0.0997 0.0038 0.0024 0.0058 0.8883 
 82       82   (0)      1 :  0.0263 0.0114 0.0256 0.0010 0.9357 
 83       83   (0)      1 :  0.0815 0.0030 0.0028 0.0526 0.8601 
 84       84   (0)      1 :  0.0922 0.0111 0.0086 0.0408 0.8473 
 85       85   (0)      1 :  0.9958 0.0011 0.0011 0.0010 0.0010 
 86       86   (0)      1 :  0.9958 0.0010 0.0012 0.0010 0.0010 
 87       87   (0)      1 :  0.9959 0.0010 0.0011 0.0010 0.0010 
 88       88   (0)      1 :  0.9959 0.0011 0.0010 0.0010 0.0010 
 89       89   (0)      1 :  0.9958 0.0010 0.0011 0.0010 0.0011 
 90       90   (0)      1 :  0.9959 0.0010 0.0011 0.0010 0.0010 
 91       91   (0)      1 :  0.9958 0.0011 0.0011 0.0010 0.0010 
 92       92   (0)      1 :  0.9957 0.0010 0.0012 0.0010 0.0011 
 93       93   (0)      1 :  0.9959 0.0010 0.0011 0.0010 0.0010 
 94       94   (0)      1 :  0.9958 0.0011 0.0011 0.0010 0.0010 
 95       95   (0)      1 :  0.9960 0.0010 0.0010 0.0010 0.0010 
 96       96   (0)      1 :  0.9960 0.0010 0.0010 0.0010 0.0010 
 97       97   (0)      1 :  0.9959 0.0010 0.0011 0.0010 0.0010 
 98       98   (0)      1 :  0.9957 0.0011 0.0011 0.0010 0.0011 
 99       99   (0)      1 :  0.9959 0.0010 0.0011 0.0010 0.0010 
100      100   (0)      1 :  0.9959 0.0010 0.0011 0.0010 0.0010 
101      101   (0)      1 :  0.2992 0.0013 0.3993 0.2000 0.1002 
102      102   (0)      1 :  0.0062 0.0531 0.0037 0.0033 0.9337 
103      103   (0)      1 :  0.0013 0.0011 0.0485 0.0032 0.9459 
104      104   (0)      1 :  0.0013 0.0010 0.0023 0.0121 0.9833 
105      105   (0)      1 :  0.1318 0.0101 0.0107 0.0097 0.8377 
106      106   (0)      1 :  0.0307 0.2438 0.0464 0.0034 0.6757 
107      107   (0)      1 :  0.0392 0.0037 0.0036 0.0260 0.9275 
108      108   (0)      1 :  0.0331 0.0014 0.1035 0.2416 0.6204 
109      109   (0)      1 :  0.0013 0.0207 0.0068 0.0015 0.9697 
110      110   (0)      1 :  0.0083 0.2246 0.0052 0.0010 0.7609 
111      111   (0)      1 :  0.3468 0.0011 0.0025 0.0184 0.6312 
112      112   (0)      1 :  0.1453 0.0020 0.0046 0.2828 0.5654 
113      113   (0)      1 :  0.2993 0.0011 0.3993 0.2001 0.1002 
114      114   (0)      1 :  0.2993 0.0012 0.3993 0.2000 0.1002 
115      115   (0)      1 :  0.2993 0.0012 0.3993 0.2001 0.1001 
116      116   (0)      1 :  0.2993 0.0012 0.3993 0.2001 0.1001 
117      117   (0)      1 :  0.2993 0.0011 0.3992 0.2001 0.1003 
118      118   (0)      1 :  0.2993 0.0013 0.3993 0.2000 0.1001 
119      119   (0)      1 :  0.2993 0.0012 0.3993 0.2001 0.1001 
120      120   (0)      1 :  0.2993 0.0011 0.3993 0.2002 0.1001 
121      121   (0)      1 :  0.2994 0.0011 0.3991 0.2001 0.1003 
122      122   (0)      1 :  0.2993 0.0011 0.3993 0.2002 0.1001 
123      123   (0)      1 :  0.2993 0.0012 0.3993 0.2001 0.1001 
124      124   (0)      1 :  0.2993 0.0011 0.3993 0.2002 0.1001 
125      125   (0)      1 :  0.2994 0.0012 0.3992 0.2001 0.1001 
126      126   (0)      1 :  0.2994 0.0013 0.3991 0.2000 0.1002 
127      127   (0)      1 :  0.0010 0.0017 0.6977 0.0013 0.2983 
128      128   (0)      1 :  0.0049 0.0123 0.0017 0.1638 0.8173 
129      129   (0)      1 :  0.0022 0.0010 0.0503 0.0136 0.9329 
130      130   (0)      1 :  0.4764 0.0017 0.0543 0.0121 0.4556 
131      131   (0)      1 :  0.2114 0.0860 0.0249 0.0019 0.6758 
132      132   (0)      1 :  0.0124 0.0040 0.0062 0.0012 0.9762 
133      133   (0)      1 :  0.0298 0.0066 0.2357 0.1016 0.6262 
134      134   (0)      1 :  0.0030 0.0065 0.0434 0.0037 0.9434 
135      135   (0)      1 :  0.0010 0.0017 0.6979 0.0013 0.2981 
136      136   (0)      1 :  0.0010 0.0017 0.6978 0.0013 0.2982 
137      137   (0)      1 :  0.0010 0.0017 0.6979 0.0013 0.2981 
138      138   (0)      1 :  0.0010 0.0017 0.6978 0.0013 0.2982 
139      139   (0)      1 :  0.0010 0.0017 0.6978 0.0013 0.2982 
140      140   (0)      1 :  0.0010 0.0017 0.6979 0.0013 0.2981 
141      141   (0)      1 :  0.0010 0.0017 0.6978 0.0013 0.2982 
142      142   (0)      1 :  0.0010 0.0017 0.6979 0.0013 0.2981 
143      143   (0)      1 :  0.0010 0.0017 0.6978 0.0013 0.2982 
144      144   (0)      1 :  0.0010 0.0017 0.6978 0.0013 0.2982 
