  1        1   (0)      1 :  0.0010 0.0010 0.9950 0.0010 0.0010 0.0010 
  2        2   (0)      1 :  0.0010 0.0015 0.0037 0.0013 0.1061 0.8864 
  3        3   (0)      1 :  0.0010 0.0010 0.0010 0.0011 0.9948 0.0011 
  4        4   (0)      1 :  0.0010 0.2004 0.0010 0.2000 0.0048 0.5928 
  5        5   (0)      1 :  0.0294 0.0961 0.0010 0.0923 0.0011 0.7801 
  6        6   (0)      1 :  0.9950 0.0010 0.0010 0.0010 0.0010 0.0010 
  7        7   (0)      1 :  0.3984 0.1469 0.0014 0.0992 0.0010 0.3532 
  8        8   (0)      1 :  0.0011 0.1792 0.0010 0.2511 0.0123 0.5553 
  9        9   (0)      1 :  0.0010 0.0010 0.0012 0.7962 0.1996 0.0010 
 10       10   (0)      1 :  0.0011 0.0061 0.0051 0.0041 0.0018 0.9818 
 11       11   (0)      1 :  0.0010 0.0010 0.9950 0.0010 0.0010 0.0010 
 12       12   (0)      1 :  0.0010 0.0010 0.9950 0.0010 0.0010 0.0010 
 13       13   (0)      1 :  0.0010 0.0010 0.9950 0.0010 0.0010 0.0010 
 14       14   (0)      1 :  0.0010 0.0010 0.9950 0.0010 0.0010 0.0010 
 15       15   (0)      1 :  0.0010 0.0010 0.9950 0.0010 0.0010 0.0010 
 16       16   (0)      1 :  0.0010 0.0010 0.9950 0.0010 0.0010 0.0010 
 17       17   (0)      1 :  0.0010 0.0010 0.9950 0.0010 0.0010 0.0010 
 18       18   (0)      1 :  0.0010 0.0010 0.9950 0.0010 0.0010 0.0010 
 19       19   (0)      1 :  0.0010 0.0010 0.9950 0.0010 0.0010 0.0010 
 20       20   (0)      1 :  0.0010 0.0010 0.9950 0.0010 0.0010 0.0010 
 21       21   (0)      1 :  0.0010 0.0010 0.9950 0.0010 0.0010 0.0010 
 22       22   (0)      1 :  0.0010 0.0010 0.9950 0.0010 0.0010 0.0010 
 23       23   (0)      1 :  0.0010 0.0010 0.9950 0.0010 0.0010 0.0010 
 24       24   (0)      1 :  0.0010 0.0010 0.9950 0.0010 0.0010 0.0010 
 25       25   (0)      1 :  0.0010 0.0010 0.9950 0.0010 0.0010 0.0010 
 26       26   (0)      1 :  0.0010 0.0010 0.9950 0.0010 0.0010 0.0010 
 27       27   (0)      1 :  0.0010 0.0010 0.9950 0.0010 0.0010 0.0010 
 28       28   (0)      1 :  0.0010 0.0010 0.9950 0.0010 0.0010 0.0010 
 29       29   (0)      1 :  0.0013 0.0067 0.9637 0.0147 0.0107 0.0029 
 30       30   (0)      1 :  0.0010 0.0013 0.8816 0.0963 0.0185 0.0012 
 31       31   (0)      1 :  0.0010 0.0013 0.8415 0.1348 0.0196 0.0018 
 32       32   (0)      1 :  0.0010 0.0010 0.9907 0.0010 0.0037 0.0026 
 33       33   (0)      1 :  0.0010 0.0010 0.9907 0.0010 0.0038 0.0025 
 34       34   (0)      1 :  0.0010 0.0010 0.9950 0.0010 0.0010 0.0010 
 35       35   (0)      1 :  0.0010 0.0015 0.0040 0.0013 0.1041 0.8881 
 36       36   (0)      1 :  0.0293 0.0959 0.0010 0.0922 0.0011 0.7805 
 37       37   (0)      1 :  0.0013 0.2099 0.0040 0.1975 0.0026 0.5847 
 38       38   (0)      1 :  0.0010 0.0010 0.9950 0.0010 0.0010 0.0010 
 39       39   (0)      1 :  0.0010 0.0010 0.9950 0.0010 0.0010 0.0010 
 40       40   (0)      1 :  0.0021 0.0342 0.0033 0.0577 0.3229 0.5797 
 41       41   (0)      1 :  0.0010 0.0010 0.9950 0.0010 0.0010 0.0010 
 42       42   (0)      1 :  0.0010 0.0010 0.9950 0.0010 0.0010 0.0010 
 43       43   (0)      1 :  0.0010 0.0010 0.9950 0.0010 0.0010 0.0010 
 44       44   (0)      1 :  0.0010 0.0010 0.9950 0.0010 0.0010 0.0010 
 45       45   (0)      1 :  0.0010 0.0010 0.9950 0.0010 0.0010 0.0010 
 46       46   (0)      1 :  0.0010 0.0010 0.9950 0.0010 0.0010 0.0010 
 47       47   (0)      1 :  0.0010 0.0010 0.9950 0.0010 0.0010 0.0010 
 48       48   (0)      1 :  0.0010 0.0010 0.9950 0.0010 0.0010 0.0010 
 49       49   (0)      1 :  0.0010 0.0010 0.9950 0.0010 0.0010 0.0010 
 50       50   (0)      1 :  0.0010 0.0010 0.9950 0.0010 0.0010 0.0010 
 51       51   (0)      1 :  0.0010 0.0010 0.9950 0.0010 0.0010 0.0010 
 52       52   (0)      1 :  0.0010 0.0010 0.0010 0.0010 0.9949 0.0011 
 53       53   (0)      1 :  0.0010 0.0010 0.0010 0.0010 0.9949 0.0011 
 54       54   (0)      1 :  0.0010 0.2004 0.0010 0.2000 0.0054 0.5922 
 55       55   (0)      1 :  0.0013 0.2097 0.0038 0.1974 0.0026 0.5852 
 56       56   (0)      1 :  0.1003 0.7962 0.0010 0.0011 0.1004 0.0010 
 57       57   (0)      1 :  0.0041 0.0264 0.0143 0.0014 0.0097 0.9441 
 58       58   (0)      1 :  0.0431 0.2579 0.0010 0.0048 0.0230 0.6702 
 59       59   (0)      1 :  0.0010 0.0010 0.9950 0.0010 0.0010 0.0010 
 60       60   (0)      1 :  0.0010 0.0010 0.9950 0.0010 0.0010 0.0010 
 61       61   (0)      1 :  0.0036 0.0016 0.3909 0.0021 0.0018 0.6000 
 62       62   (0)      1 :  0.0010 0.0010 0.0010 0.0010 0.9949 0.0011 
 63       63   (0)      1 :  0.0010 0.0010 0.0010 0.0010 0.9949 0.0011 
 64       64   (0)      1 :  0.0010 0.0010 0.0010 0.0010 0.9949 0.0011 
 65       65   (0)      1 :  0.0010 0.0010 0.0010 0.0010 0.9949 0.0011 
 66       66   (0)      1 :  0.0010 0.0010 0.0010 0.0010 0.9949 0.0011 
 67       67   (0)      1 :  0.0010 0.0010 0.0010 0.0010 0.9949 0.0011 
 68       68   (0)      1 :  0.0010 0.0010 0.0010 0.0010 0.9949 0.0011 
 69       69   (0)      1 :  0.0010 0.0010 0.0010 0.0010 0.9949 0.0011 
 70       70   (0)      1 :  0.0010 0.0010 0.0010 0.0010 0.9949 0.0011 
 71       71   (0)      1 :  0.0010 0.0010 0.0010 0.0010 0.9949 0.0011 
 72       72   (0)      1 :  0.0010 0.0010 0.0010 0.0010 0.9949 0.0011 
 73       73   (0)      1 :  0.0010 0.0010 0.0010 0.0010 0.9949 0.0011 
 74       74   (0)      1 :  0.9950 0.0010 0.0010 0.0010 0.0010 0.0010 
 75       75   (0)      1 :  0.0010 0.0010 0.0010 0.0010 0.9949 0.0011 
 76       76   (0)      1 :  0.0036 0.0018 0.3912 0.0021 0.0018 0.5995 
 77       77   (0)      1 :  0.0049 0.0105 0.0020 0.0018 0.0290 0.9518 
 78       78   (0)      1 :  0.0073 0.0593 0.0782 0.0027 0.0434 0.8091 
 79       79   (0)      1 :  0.0196 0.0490 0.0041 0.0448 0.0037 0.8788 
 80       80   (0)      1 :  0.0606 0.1642 0.0011 0.1554 0.0685 0.5502 
 81       81   (0)      1 :  0.1092 0.1705 0.0041 0.1496 0.0033 0.5632 
 82       82   (0)      1 :  0.0140 0.0579 0.0167 0.0949 0.0021 0.8144 
 83       83   (0)      1 :  0.0218 0.0017 0.0018 0.0032 0.0113 0.9602 
 84       84   (0)      1 :  0.0329 0.0888 0.0050 0.0232 0.0231 0.8270 
 85       85   (0)      1 :  0.9950 0.0010 0.0010 0.0010 0.0010 0.0010 
 86       86   (0)      1 :  0.9950 0.0010 0.0010 0.0010 0.0010 0.0010 
 87       87   (0)      1 :  0.9949 0.0010 0.0010 0.0010 0.0010 0.0011 
 88       88   (0)      1 :  0.9950 0.0010 0.0010 0.0010 0.0010 0.0010 
 89       89   (0)      1 :  0.9950 0.0010 0.0010 0.0010 0.0010 0.0010 
 90       90   (0)      1 :  0.9950 0.0010 0.0010 0.0010 0.0010 0.0010 
 91       91   (0)      1 :  0.9950 0.0010 0.0010 0.0010 0.0010 0.0010 
 92       92   (0)      1 :  0.9949 0.0010 0.0010 0.0010 0.0010 0.0011 
 93       93   (0)      1 :  0.9948 0.0010 0.0010 0.0010 0.0010 0.0012 
 94       94   (0)      1 :  0.9950 0.0010 0.0010 0.0010 0.0010 0.0010 
 95       95   (0)      1 :  0.9950 0.0010 0.0010 0.0010 0.0010 0.0010 
 96       96   (0)      1 :  0.9950 0.0010 0.0010 0.0010 0.0010 0.0010 
 97       97   (0)      1 :  0.9950 0.0010 0.0010 0.0010 0.0010 0.0010 
 98       98   (0)      1 :  0.9950 0.0010 0.0010 0.0010 0.0010 0.0010 
 99       99   (0)      1 :  0.9950 0.0010 0.0010 0.0010 0.0010 0.0010 
100      100   (0)      1 :  0.9950 0.0010 0.0010 0.0010 0.0010 0.0010 
101      101   (0)      1 :  0.1003 0.7962 0.0010 0.0011 0.1004 0.0010 
102      102   (0)      1 :  0.0037 0.0035 0.0234 0.0032 0.0025 0.9637 
103      103   (0)      1 :  0.0011 0.1795 0.0010 0.2515 0.0123 0.5546 
104      104   (0)      1 :  0.0010 0.0025 0.0010 0.0036 0.0048 0.9871 
105      105   (0)      1 :  0.0709 0.0062 0.0068 0.0067 0.0060 0.9034 
106      106   (0)      1 :  0.0105 0.0193 0.1801 0.0040 0.0023 0.7838 
107      107   (0)      1 :  0.0085 0.0093 0.0020 0.0052 0.0065 0.9685 
108      108   (0)      1 :  0.0265 0.1241 0.0013 0.2020 0.3066 0.3395 
109      109   (0)      1 :  0.0010 0.1944 0.0231 0.1944 0.0012 0.5859 
110      110   (0)      1 :  0.0065 0.0592 0.2480 0.0605 0.0011 0.6247 
111      111   (0)      1 :  0.3462 0.0019 0.0010 0.0025 0.0106 0.6378 
112      112   (0)      1 :  0.0906 0.0657 0.0020 0.0063 0.2285 0.6069 
113      113   (0)      1 :  0.1003 0.7962 0.0011 0.0011 0.1003 0.0010 
114      114   (0)      1 :  0.1003 0.7961 0.0011 0.0011 0.1003 0.0011 
115      115   (0)      1 :  0.1003 0.7962 0.0010 0.0011 0.1004 0.0010 
116      116   (0)      1 :  0.1003 0.7962 0.0011 0.0011 0.1003 0.0010 
117      117   (0)      1 :  0.1003 0.7962 0.0010 0.0011 0.1004 0.0010 
118      118   (0)      1 :  0.1003 0.7962 0.0011 0.0011 0.1003 0.0010 
119      119   (0)      1 :  0.1003 0.7963 0.0011 0.0011 0.1001 0.0011 
120      120   (0)      1 :  0.1002 0.7963 0.0011 0.0011 0.1003 0.0010 
121      121   (0)      1 :  0.1002 0.7962 0.0011 0.0011 0.1003 0.0011 
122      122   (0)      1 :  0.1003 0.7962 0.0011 0.0011 0.1003 0.0010 
123      123   (0)      1 :  0.1003 0.7963 0.0010 0.0011 0.1003 0.0010 
124      124   (0)      1 :  0.1002 0.7963 0.0010 0.0011 0.1004 0.0010 
125      125   (0)      1 :  0.1003 0.7962 0.0010 0.0011 0.1004 0.0010 
126      126   (0)      1 :  0.1003 0.7962 0.0010 0.0011 0.1004 0.0010 
127      127   (0)      1 :  0.0010 0.0010 0.0012 0.7962 0.1996 0.0010 
128      128   (0)      1 :  0.0025 0.1503 0.0094 0.1542 0.0915 0.5921 
129      129   (0)      1 :  0.0014 0.1128 0.0010 0.1103 0.0117 0.7628 
130      130   (0)      1 :  0.4500 0.1379 0.0019 0.0657 0.0118 0.3327 
131      131   (0)      1 :  0.1732 0.1639 0.0819 0.1288 0.0013 0.4509 
132      132   (0)      1 :  0.0110 0.1610 0.0053 0.1498 0.0017 0.6712 
133      133   (0)      1 :  0.0200 0.0483 0.0050 0.2496 0.1356 0.5416 
134      134   (0)      1 :  0.0019 0.0036 0.0044 0.0528 0.0046 0.9327 
135      135   (0)      1 :  0.0010 0.0010 0.0012 0.7963 0.1995 0.0010 
136      136   (0)      1 :  0.0010 0.0010 0.0012 0.7962 0.1996 0.0010 
137      137   (0)      1 :  0.0010 0.0010 0.0012 0.7962 0.1996 0.0010 
138      138   (0)      1 :  0.0010 0.0010 0.0012 0.7962 0.1996 0.0010 
139      139   (0)      1 :  0.0010 0.0010 0.0012 0.7962 0.1996 0.0010 
140      140   (0)      1 :  0.0010 0.0010 0.0012 0.7962 0.1996 0.0010 
141      141   (0)      1 :  0.0010 0.0010 0.0012 0.7962 0.1996 0.0010 
142      142   (0)      1 :  0.0010 0.0010 0.0012 0.7962 0.1996 0.0010 
143      143   (0)      1 :  0.0010 0.0010 0.0012 0.7962 0.1996 0.0010 
144      144   (0)      1 :  0.0010 0.0010 0.0012 0.7962 0.1996 0.0010 
