  1        1   (0)      1 :  0.0010 0.0010 0.9940 0.0010 0.0010 0.0010 0.0010 
  2        2   (0)      1 :  0.0010 0.0013 0.0027 0.0496 0.0991 0.0016 0.8447 
  3        3   (0)      1 :  0.0010 0.0010 0.0010 0.0010 0.9940 0.0010 0.0010 
  4        4   (0)      1 :  0.0010 0.0021 0.0010 0.9244 0.0045 0.0026 0.0644 
  5        5   (0)      1 :  0.0616 0.0011 0.0010 0.8313 0.0010 0.0037 0.1003 
  6        6   (0)      1 :  0.9940 0.0010 0.0010 0.0010 0.0010 0.0010 0.0010 
  7        7   (0)      1 :  0.4275 0.0019 0.0015 0.3808 0.0010 0.0180 0.1693 
  8        8   (0)      1 :  0.0010 0.1011 0.0010 0.5207 0.0026 0.0063 0.3673 
  9        9   (0)      1 :  0.0010 0.8947 0.0011 0.0010 0.0010 0.1002 0.0010 
 10       10   (0)      1 :  0.0010 0.1006 0.0038 0.2011 0.0011 0.1002 0.5922 
 11       11   (0)      1 :  0.0010 0.0010 0.9940 0.0010 0.0010 0.0010 0.0010 
 12       12   (0)      1 :  0.0010 0.0010 0.9940 0.0010 0.0010 0.0010 0.0010 
 13       13   (0)      1 :  0.0010 0.0010 0.9940 0.0010 0.0010 0.0010 0.0010 
 14       14   (0)      1 :  0.0010 0.0010 0.9940 0.0010 0.0010 0.0010 0.0010 
 15       15   (0)      1 :  0.0010 0.0010 0.9940 0.0010 0.0010 0.0010 0.0010 
 16       16   (0)      1 :  0.0010 0.0010 0.9940 0.0010 0.0010 0.0010 0.0010 
 17       17   (0)      1 :  0.0010 0.0010 0.9940 0.0010 0.0010 0.0010 0.0010 
 18       18   (0)      1 :  0.0010 0.0010 0.9940 0.0010 0.0010 0.0010 0.0010 
 19       19   (0)      1 :  0.0010 0.0010 0.9939 0.0010 0.0010 0.0011 0.0010 
 20       20   (0)      1 :  0.0010 0.0010 0.9940 0.0010 0.0010 0.0010 0.0010 
 21       21   (0)      1 :  0.0010 0.0010 0.9940 0.0010 0.0010 0.0010 0.0010 
 22       22   (0)      1 :  0.0010 0.0010 0.9940 0.0010 0.0010 0.0010 0.0010 
 23       23   (0)      1 :  0.0010 0.0010 0.9940 0.0010 0.0010 0.0010 0.0010 
 24       24   (0)      1 :  0.0010 0.0010 0.9940 0.0010 0.0010 0.0010 0.0010 
 25       25   (0)      1 :  0.0010 0.0010 0.9940 0.0010 0.0010 0.0010 0.0010 
 26       26   (0)      1 :  0.0010 0.0010 0.9940 0.0010 0.0010 0.0010 0.0010 
 27       27   (0)      1 :  0.0010 0.0010 0.9940 0.0010 0.0010 0.0010 0.0010 
 28       28   (0)      1 :  0.0010 0.0010 0.9940 0.0010 0.0010 0.0010 0.0010 
 29       29   (0)      1 :  0.0013 0.0144 0.9628 0.0022 0.0096 0.0068 0.0029 
 30       30   (0)      1 :  0.0010 0.1065 0.8778 0.0015 0.0011 0.0110 0.0011 
 31       31   (0)      1 :  0.0010 0.1431 0.8369 0.0052 0.0010 0.0117 0.0011 
 32       32   (0)      1 :  0.0010 0.0014 0.9869 0.0015 0.0045 0.0013 0.0034 
 33       33   (0)      1 :  0.0010 0.0014 0.9871 0.0013 0.0047 0.0013 0.0032 
 34       34   (0)      1 :  0.0010 0.0010 0.9940 0.0010 0.0010 0.0010 0.0010 
 35       35   (0)      1 :  0.0010 0.0013 0.0027 0.0493 0.1001 0.0015 0.8441 
 36       36   (0)      1 :  0.0616 0.0011 0.0010 0.8311 0.0010 0.0037 0.1005 
 37       37   (0)      1 :  0.0013 0.0048 0.0038 0.7242 0.0029 0.1160 0.1470 
 38       38   (0)      1 :  0.0010 0.0010 0.9940 0.0010 0.0010 0.0010 0.0010 
 39       39   (0)      1 :  0.0010 0.0010 0.9940 0.0010 0.0010 0.0010 0.0010 
 40       40   (0)      1 :  0.0019 0.0180 0.0040 0.1307 0.3277 0.0044 0.5133 
 41       41   (0)      1 :  0.0010 0.0010 0.9940 0.0010 0.0010 0.0010 0.0010 
 42       42   (0)      1 :  0.0010 0.0010 0.9939 0.0010 0.0010 0.0010 0.0011 
 43       43   (0)      1 :  0.0010 0.0010 0.9940 0.0010 0.0010 0.0010 0.0010 
 44       44   (0)      1 :  0.0010 0.0010 0.9940 0.0010 0.0010 0.0010 0.0010 
 45       45   (0)      1 :  0.0010 0.0010 0.9940 0.0010 0.0010 0.0010 0.0010 
 46       46   (0)      1 :  0.0010 0.0010 0.9940 0.0010 0.0010 0.0010 0.0010 
 47       47   (0)      1 :  0.0010 0.0010 0.9940 0.0010 0.0010 0.0010 0.0010 
 48       48   (0)      1 :  0.0010 0.0010 0.9940 0.0010 0.0010 0.0010 0.0010 
 49       49   (0)      1 :  0.0010 0.0010 0.9940 0.0010 0.0010 0.0010 0.0010 
 50       50   (0)      1 :  0.0010 0.0010 0.9940 0.0010 0.0010 0.0010 0.0010 
 51       51   (0)      1 :  0.0010 0.0010 0.9940 0.0010 0.0010 0.0010 0.0010 
 52       52   (0)      1 :  0.0010 0.0010 0.0010 0.0010 0.9940 0.0010 0.0010 
 53       53   (0)      1 :  0.0010 0.0010 0.0010 0.0010 0.9940 0.0010 0.0010 
 54       54   (0)      1 :  0.0010 0.0021 0.0010 0.9241 0.0045 0.0026 0.0647 
 55       55   (0)      1 :  0.0013 0.0048 0.0038 0.7242 0.0028 0.1162 0.1469 
 56       56   (0)      1 :  0.1002 0.0011 0.0010 0.0010 0.0011 0.8946 0.0010 
 57       57   (0)      1 :  0.0028 0.0937 0.0196 0.0991 0.0047 0.1341 0.6460 
 58       58   (0)      1 :  0.0524 0.0311 0.0010 0.1074 0.0073 0.3212 0.4796 
 59       59   (0)      1 :  0.0010 0.0010 0.9940 0.0010 0.0010 0.0010 0.0010 
 60       60   (0)      1 :  0.0010 0.0010 0.9940 0.0010 0.0010 0.0010 0.0010 
 61       61   (0)      1 :  0.0025 0.0594 0.3995 0.1154 0.0015 0.0583 0.3634 
 62       62   (0)      1 :  0.0010 0.0010 0.0010 0.0010 0.9940 0.0010 0.0010 
 63       63   (0)      1 :  0.0010 0.0010 0.0010 0.0010 0.9940 0.0010 0.0010 
 64       64   (0)      1 :  0.0010 0.0010 0.0010 0.0010 0.9940 0.0010 0.0010 
 65       65   (0)      1 :  0.0010 0.0010 0.0010 0.0010 0.9940 0.0010 0.0010 
 66       66   (0)      1 :  0.0010 0.0010 0.0010 0.0010 0.9940 0.0010 0.0010 
 67       67   (0)      1 :  0.0010 0.0010 0.0010 0.0010 0.9940 0.0010 0.0010 
 68       68   (0)      1 :  0.0010 0.0010 0.0010 0.0010 0.9940 0.0010 0.0010 
 69       69   (0)      1 :  0.0010 0.0010 0.0010 0.0010 0.9940 0.0010 0.0010 
 70       70   (0)      1 :  0.0010 0.0010 0.0010 0.0010 0.9940 0.0010 0.0010 
 71       71   (0)      1 :  0.0010 0.0010 0.0010 0.0010 0.9940 0.0010 0.0010 
 72       72   (0)      1 :  0.0010 0.0010 0.0010 0.0010 0.9940 0.0010 0.0010 
 73       73   (0)      1 :  0.0010 0.0010 0.0010 0.0010 0.9940 0.0010 0.0010 
 74       74   (0)      1 :  0.9940 0.0010 0.0010 0.0010 0.0010 0.0010 0.0010 
 75       75   (0)      1 :  0.0010 0.0010 0.0010 0.0010 0.9940 0.0010 0.0010 
 76       76   (0)      1 :  0.0025 0.0595 0.3995 0.1155 0.0013 0.0581 0.3635 
 77       77   (0)      1 :  0.0084 0.0881 0.0020 0.0901 0.0465 0.0952 0.6697 
 78       78   (0)      1 :  0.0143 0.0218 0.1091 0.0969 0.0303 0.1347 0.5929 
 79       79   (0)      1 :  0.0283 0.0060 0.0058 0.4011 0.0073 0.0032 0.5483 
 80       80   (0)      1 :  0.1158 0.0023 0.0016 0.6226 0.1355 0.0027 0.1194 
 81       81   (0)      1 :  0.2008 0.0024 0.0051 0.7069 0.0036 0.0030 0.0782 
 82       82   (0)      1 :  0.0255 0.0561 0.0175 0.4026 0.0010 0.0015 0.4958 
 83       83   (0)      1 :  0.0243 0.0457 0.0024 0.0378 0.0090 0.0036 0.8772 
 84       84   (0)      1 :  0.0355 0.1089 0.0038 0.2135 0.0079 0.0981 0.5323 
 85       85   (0)      1 :  0.9940 0.0010 0.0010 0.0010 0.0010 0.0010 0.0010 
 86       86   (0)      1 :  0.9940 0.0010 0.0010 0.0010 0.0010 0.0010 0.0010 
 87       87   (0)      1 :  0.9940 0.0010 0.0010 0.0010 0.0010 0.0010 0.0010 
 88       88   (0)      1 :  0.9940 0.0010 0.0010 0.0010 0.0010 0.0010 0.0010 
 89       89   (0)      1 :  0.9939 0.0010 0.0010 0.0011 0.0010 0.0010 0.0010 
 90       90   (0)      1 :  0.9940 0.0010 0.0010 0.0010 0.0010 0.0010 0.0010 
 91       91   (0)      1 :  0.9940 0.0010 0.0010 0.0010 0.0010 0.0010 0.0010 
 92       92   (0)      1 :  0.9940 0.0010 0.0010 0.0010 0.0010 0.0010 0.0010 
 93       93   (0)      1 :  0.9940 0.0010 0.0010 0.0010 0.0010 0.0010 0.0010 
 94       94   (0)      1 :  0.9940 0.0010 0.0010 0.0010 0.0010 0.0010 0.0010 
 95       95   (0)      1 :  0.9940 0.0010 0.0010 0.0010 0.0010 0.0010 0.0010 
 96       96   (0)      1 :  0.9940 0.0010 0.0010 0.0010 0.0010 0.0010 0.0010 
 97       97   (0)      1 :  0.9940 0.0010 0.0010 0.0010 0.0010 0.0010 0.0010 
 98       98   (0)      1 :  0.9939 0.0010 0.0010 0.0010 0.0010 0.0010 0.0011 
 99       99   (0)      1 :  0.9939 0.0010 0.0010 0.0010 0.0010 0.0010 0.0011 
100      100   (0)      1 :  0.9940 0.0010 0.0010 0.0010 0.0010 0.0010 0.0010 
101      101   (0)      1 :  0.1002 0.0011 0.0010 0.0010 0.0011 0.8946 0.0010 
102      102   (0)      1 :  0.0084 0.0088 0.0293 0.0634 0.0033 0.0063 0.8805 
103      103   (0)      1 :  0.0010 0.1016 0.0010 0.5203 0.0028 0.0061 0.3672 
104      104   (0)      1 :  0.0010 0.1013 0.0010 0.1087 0.0032 0.0997 0.6851 
105      105   (0)      1 :  0.0827 0.0957 0.0074 0.0856 0.0034 0.0964 0.6288 
106      106   (0)      1 :  0.0176 0.0222 0.1722 0.1309 0.0014 0.0382 0.6175 
107      107   (0)      1 :  0.0137 0.0059 0.0018 0.1153 0.0075 0.0034 0.8523 
108      108   (0)      1 :  0.0333 0.1079 0.0016 0.4706 0.2932 0.0044 0.0890 
109      109   (0)      1 :  0.0011 0.0028 0.0412 0.8873 0.0010 0.0027 0.0639 
110      110   (0)      1 :  0.0107 0.0032 0.2635 0.4130 0.0010 0.0036 0.3050 
111      111   (0)      1 :  0.3067 0.0258 0.0010 0.0262 0.0167 0.0037 0.6199 
112      112   (0)      1 :  0.0500 0.0826 0.0020 0.1230 0.1862 0.0772 0.4790 
113      113   (0)      1 :  0.1002 0.0011 0.0010 0.0010 0.0011 0.8946 0.0010 
114      114   (0)      1 :  0.1002 0.0011 0.0010 0.0010 0.0011 0.8946 0.0010 
115      115   (0)      1 :  0.1002 0.0011 0.0010 0.0010 0.0011 0.8946 0.0010 
116      116   (0)      1 :  0.1001 0.0011 0.0010 0.0011 0.0011 0.8946 0.0010 
117      117   (0)      1 :  0.1002 0.0011 0.0010 0.0010 0.0011 0.8946 0.0010 
118      118   (0)      1 :  0.1002 0.0011 0.0010 0.0010 0.0011 0.8946 0.0010 
119      119   (0)      1 :  0.1001 0.0011 0.0010 0.0011 0.0011 0.8946 0.0010 
120      120   (0)      1 :  0.1002 0.0011 0.0010 0.0010 0.0011 0.8946 0.0010 
121      121   (0)      1 :  0.1002 0.0011 0.0010 0.0010 0.0011 0.8946 0.0010 
122      122   (0)      1 :  0.1002 0.0011 0.0010 0.0010 0.0011 0.8946 0.0010 
123      123   (0)      1 :  0.1002 0.0011 0.0010 0.0010 0.0011 0.8946 0.0010 
124      124   (0)      1 :  0.1002 0.0011 0.0010 0.0010 0.0011 0.8946 0.0010 
125      125   (0)      1 :  0.1002 0.0011 0.0010 0.0010 0.0011 0.8946 0.0010 
126      126   (0)      1 :  0.1002 0.0011 0.0010 0.0010 0.0011 0.8946 0.0010 
127      127   (0)      1 :  0.0010 0.8947 0.0011 0.0010 0.0010 0.1002 0.0010 
128      128   (0)      1 :  0.0028 0.0067 0.0274 0.6254 0.1680 0.0020 0.1677 
129      129   (0)      1 :  0.0017 0.0048 0.0010 0.8538 0.0140 0.0241 0.1006 
130      130   (0)      1 :  0.4674 0.0098 0.0016 0.3479 0.0107 0.1126 0.0500 
131      131   (0)      1 :  0.2456 0.0027 0.0877 0.5485 0.0010 0.0272 0.0873 
132      132   (0)      1 :  0.0185 0.0138 0.0071 0.4592 0.0010 0.0075 0.4929 
133      133   (0)      1 :  0.0149 0.2834 0.0064 0.0318 0.0305 0.0860 0.5470 
134      134   (0)      1 :  0.0018 0.1624 0.0042 0.1890 0.0020 0.0940 0.5465 
135      135   (0)      1 :  0.0010 0.8947 0.0011 0.0010 0.0010 0.1002 0.0010 
136      136   (0)      1 :  0.0010 0.8947 0.0011 0.0010 0.0010 0.1002 0.0010 
137      137   (0)      1 :  0.0010 0.8947 0.0011 0.0010 0.0010 0.1002 0.0010 
138      138   (0)      1 :  0.0010 0.8947 0.0011 0.0010 0.0010 0.1002 0.0010 
139      139   (0)      1 :  0.0010 0.8945 0.0011 0.0012 0.0010 0.1001 0.0011 
140      140   (0)      1 :  0.0010 0.8947 0.0011 0.0010 0.0010 0.1002 0.0010 
141      141   (0)      1 :  0.0010 0.8946 0.0011 0.0010 0.0010 0.1002 0.0011 
142      142   (0)      1 :  0.0010 0.8947 0.0011 0.0010 0.0010 0.1002 0.0010 
143      143   (0)      1 :  0.0010 0.8947 0.0011 0.0010 0.0010 0.1002 0.0010 
144      144   (0)      1 :  0.0010 0.8947 0.0011 0.0010 0.0010 0.1002 0.0010 
